// Jest Snapshot v1, https://goo.gl/fbAQLP

exports[`League table rendering renders AppLeagueTable to match snapshot 1`] = `
<section
  class="AppLeagueTable"
  data-testid="AppLeagueTable"
>
  <h3
    class="center-text"
  >
    Click a club to see fixtures
  </h3>
  <div
    class="ant-table-wrapper"
  >
    <div
      class="ant-spin-nested-loading"
    >
      <div
        class="ant-spin-container"
      >
        <div
          class="ant-table"
        >
          <div
            class="ant-table-container"
          >
            <div
              class="ant-table-content"
            >
              <table
                style="table-layout: auto;"
              >
                <colgroup />
                <thead
                  class="ant-table-thead"
                >
                  <tr>
                    <th
                      class="ant-table-cell"
                    >
                      Position
                    </th>
                    <th
                      class="ant-table-cell"
                    >
                      Club
                    </th>
                    <th
                      class="ant-table-cell"
                    >
                      Played
                    </th>
                    <th
                      class="ant-table-cell"
                    >
                      Won
                    </th>
                    <th
                      class="ant-table-cell"
                    >
                      Drawn
                    </th>
                    <th
                      class="ant-table-cell"
                    >
                      Lost
                    </th>
                    <th
                      class="ant-table-cell"
                    >
                      GF
                    </th>
                    <th
                      class="ant-table-cell"
                    >
                      GA
                    </th>
                    <th
                      class="ant-table-cell"
                    >
                      GD
                    </th>
                    <th
                      class="ant-table-cell"
                    >
                      Points
                    </th>
                  </tr>
                </thead>
                <tbody
                  class="ant-table-tbody"
                >
                  <tr
                    class="ant-table-row ant-table-row-level-0"
                    data-row-key="Leicester City"
                  >
                    <td
                      class="ant-table-cell"
                    >
                      1
                    </td>
                    <td
                      class="ant-table-cell"
                    >
                      <button
                        class="ant-btn ant-btn-link"
                        type="button"
                      >
                        <div
                          class="club-wrapper  "
                          data-testid="AppClub"
                        >
                          <img
                            alt="Leicester CityLogo"
                            data-testid="AppClubImg"
                            src="https://resources.premierleague.com/premierleague/badges/25/t13.png"
                          />
                          <span>
                             
                            Leicester City
                          </span>
                        </div>
                      </button>
                    </td>
                    <td
                      class="ant-table-cell"
                    >
                      4
                    </td>
                    <td
                      class="ant-table-cell"
                    >
                      3
                    </td>
                    <td
                      class="ant-table-cell"
                    >
                      1
                    </td>
                    <td
                      class="ant-table-cell"
                    >
                      0
                    </td>
                    <td
                      class="ant-table-cell"
                    >
                      8
                    </td>
                    <td
                      class="ant-table-cell"
                    >
                      3
                    </td>
                    <td
                      class="ant-table-cell"
                    >
                      +5
                    </td>
                    <td
                      class="ant-table-cell"
                    >
                      10
                    </td>
                  </tr>
                  <tr
                    class="ant-table-row ant-table-row-level-0"
                    data-row-key="Liverpool"
                  >
                    <td
                      class="ant-table-cell"
                    >
                      2
                    </td>
                    <td
                      class="ant-table-cell"
                    >
                      <button
                        class="ant-btn ant-btn-link"
                        type="button"
                      >
                        <div
                          class="club-wrapper  "
                          data-testid="AppClub"
                        >
                          <img
                            alt="LiverpoolLogo"
                            data-testid="AppClubImg"
                            src="https://resources.premierleague.com/premierleague/badges/25/t14.png"
                          />
                          <span>
                             
                            Liverpool
                          </span>
                        </div>
                      </button>
                    </td>
                    <td
                      class="ant-table-cell"
                    >
                      3
                    </td>
                    <td
                      class="ant-table-cell"
                    >
                      3
                    </td>
                    <td
                      class="ant-table-cell"
                    >
                      0
                    </td>
                    <td
                      class="ant-table-cell"
                    >
                      0
                    </td>
                    <td
                      class="ant-table-cell"
                    >
                      8
                    </td>
                    <td
                      class="ant-table-cell"
                    >
                      4
                    </td>
                    <td
                      class="ant-table-cell"
                    >
                      +4
                    </td>
                    <td
                      class="ant-table-cell"
                    >
                      9
                    </td>
                  </tr>
                  <tr
                    class="ant-table-row ant-table-row-level-0"
                    data-row-key="Manchester United"
                  >
                    <td
                      class="ant-table-cell"
                    >
                      3
                    </td>
                    <td
                      class="ant-table-cell"
                    >
                      <button
                        class="ant-btn ant-btn-link"
                        type="button"
                      >
                        <div
                          class="club-wrapper  "
                          data-testid="AppClub"
                        >
                          <img
                            alt="Manchester UnitedLogo"
                            data-testid="AppClubImg"
                            src="https://resources.premierleague.com/premierleague/badges/25/t1.png"
                          />
                          <span>
                             
                            Manchester United
                          </span>
                        </div>
                      </button>
                    </td>
                    <td
                      class="ant-table-cell"
                    >
                      5
                    </td>
                    <td
                      class="ant-table-cell"
                    >
                      1
                    </td>
                    <td
                      class="ant-table-cell"
                    >
                      2
                    </td>
                    <td
                      class="ant-table-cell"
                    >
                      2
                    </td>
                    <td
                      class="ant-table-cell"
                    >
                      11
                    </td>
                    <td
                      class="ant-table-cell"
                    >
                      9
                    </td>
                    <td
                      class="ant-table-cell"
                    >
                      +2
                    </td>
                    <td
                      class="ant-table-cell"
                    >
                      5
                    </td>
                  </tr>
                  <tr
                    class="ant-table-row ant-table-row-level-0"
                    data-row-key="Manchester City"
                  >
                    <td
                      class="ant-table-cell"
                    >
                      4
                    </td>
                    <td
                      class="ant-table-cell"
                    >
                      <button
                        class="ant-btn ant-btn-link"
                        type="button"
                      >
                        <div
                          class="club-wrapper  "
                          data-testid="AppClub"
                        >
                          <img
                            alt="Manchester CityLogo"
                            data-testid="AppClubImg"
                            src="https://resources.premierleague.com/premierleague/badges/25/t43.png"
                          />
                          <span>
                             
                            Manchester City
                          </span>
                        </div>
                      </button>
                    </td>
                    <td
                      class="ant-table-cell"
                    >
                      4
                    </td>
                    <td
                      class="ant-table-cell"
                    >
                      1
                    </td>
                    <td
                      class="ant-table-cell"
                    >
                      1
                    </td>
                    <td
                      class="ant-table-cell"
                    >
                      2
                    </td>
                    <td
                      class="ant-table-cell"
                    >
                      4
                    </td>
                    <td
                      class="ant-table-cell"
                    >
                      5
                    </td>
                    <td
                      class="ant-table-cell"
                    >
                      -1
                    </td>
                    <td
                      class="ant-table-cell"
                    >
                      4
                    </td>
                  </tr>
                  <tr
                    class="ant-table-row ant-table-row-level-0"
                    data-row-key="Tottenham Hotspur"
                  >
                    <td
                      class="ant-table-cell"
                    >
                      5
                    </td>
                    <td
                      class="ant-table-cell"
                    >
                      <button
                        class="ant-btn ant-btn-link"
                        type="button"
                      >
                        <div
                          class="club-wrapper  "
                          data-testid="AppClub"
                        >
                          <img
                            alt="Tottenham HotspurLogo"
                            data-testid="AppClubImg"
                            src="https://resources.premierleague.com/premierleague/badges/25/t6.png"
                          />
                          <span>
                             
                            Tottenham Hotspur
                          </span>
                        </div>
                      </button>
                    </td>
                    <td
                      class="ant-table-cell"
                    >
                      3
                    </td>
                    <td
                      class="ant-table-cell"
                    >
                      0
                    </td>
                    <td
                      class="ant-table-cell"
                    >
                      3
                    </td>
                    <td
                      class="ant-table-cell"
                    >
                      0
                    </td>
                    <td
                      class="ant-table-cell"
                    >
                      3
                    </td>
                    <td
                      class="ant-table-cell"
                    >
                      3
                    </td>
                    <td
                      class="ant-table-cell"
                    >
                      0
                    </td>
                    <td
                      class="ant-table-cell"
                    >
                      3
                    </td>
                  </tr>
                  <tr
                    class="ant-table-row ant-table-row-level-0"
                    data-row-key="Chelsea"
                  >
                    <td
                      class="ant-table-cell"
                    >
                      6
                    </td>
                    <td
                      class="ant-table-cell"
                    >
                      <button
                        class="ant-btn ant-btn-link"
                        type="button"
                      >
                        <div
                          class="club-wrapper  "
                          data-testid="AppClub"
                        >
                          <img
                            alt="ChelseaLogo"
                            data-testid="AppClubImg"
                            src="https://resources.premierleague.com/premierleague/badges/25/t8.png"
                          />
                          <span>
                             
                            Chelsea
                          </span>
                        </div>
                      </button>
                    </td>
                    <td
                      class="ant-table-cell"
                    >
                      5
                    </td>
                    <td
                      class="ant-table-cell"
                    >
                      0
                    </td>
                    <td
                      class="ant-table-cell"
                    >
                      3
                    </td>
                    <td
                      class="ant-table-cell"
                    >
                      2
                    </td>
                    <td
                      class="ant-table-cell"
                    >
                      5
                    </td>
                    <td
                      class="ant-table-cell"
                    >
                      10
                    </td>
                    <td
                      class="ant-table-cell"
                    >
                      -5
                    </td>
                    <td
                      class="ant-table-cell"
                    >
                      3
                    </td>
                  </tr>
                  <tr
                    class="ant-table-row ant-table-row-level-0"
                    data-row-key="Arsenal"
                  >
                    <td
                      class="ant-table-cell"
                    >
                      7
                    </td>
                    <td
                      class="ant-table-cell"
                    >
                      <button
                        class="ant-btn ant-btn-link"
                        type="button"
                      >
                        <div
                          class="club-wrapper  "
                          data-testid="AppClub"
                        >
                          <img
                            alt="ArsenalLogo"
                            data-testid="AppClubImg"
                            src="https://resources.premierleague.com/premierleague/badges/25/t3.png"
                          />
                          <span>
                             
                            Arsenal
                          </span>
                        </div>
                      </button>
                    </td>
                    <td
                      class="ant-table-cell"
                    >
                      4
                    </td>
                    <td
                      class="ant-table-cell"
                    >
                      0
                    </td>
                    <td
                      class="ant-table-cell"
                    >
                      2
                    </td>
                    <td
                      class="ant-table-cell"
                    >
                      2
                    </td>
                    <td
                      class="ant-table-cell"
                    >
                      5
                    </td>
                    <td
                      class="ant-table-cell"
                    >
                      10
                    </td>
                    <td
                      class="ant-table-cell"
                    >
                      -5
                    </td>
                    <td
                      class="ant-table-cell"
                    >
                      2
                    </td>
                  </tr>
                </tbody>
              </table>
            </div>
          </div>
        </div>
      </div>
    </div>
  </div>
</section>
`;
