// Jest Snapshot v1, https://goo.gl/fbAQLP

exports[`League table rendering renders AppViewClub to match snapshot 1`] = `
<div
  data-testid="AppViewClub"
>
  <div
    class="fixture-wrapper"
    data-testid="AppFixture"
  >
    <h3
      data-testid="AppFixtureHeading"
    >
      04/01 17:01
    </h3>
    <div
      class="ant-row fixture-Row"
      style="margin-left: -8px; margin-right: -8px;"
    >
      <div
        class="ant-col ant-col-12"
        style="padding-left: 8px; padding-right: 8px;"
      >
        <div
          class="club-wrapper justify-end "
          data-testid="AppClub"
        >
          <img
            alt="Manchester UnitedLogo"
            data-testid="AppClubImg"
            src="https://resources.premierleague.com/premierleague/badges/25/t1.png"
          />
          <span>
             
            Manchester United
          </span>
        </div>
      </div>
      <div
        class="ant-col ant-col-2"
        style="padding-left: 8px; padding-right: 8px;"
      >
        <span
          class="fixture-center"
        >
          6 - 2
        </span>
      </div>
      <div
        class="ant-col ant-col-10"
        style="padding-left: 8px; padding-right: 8px;"
      >
        <div
          class="club-wrapper  "
          data-testid="AppClub"
        >
          <img
            alt="ArsenalLogo"
            data-testid="AppClubImg"
            src="https://resources.premierleague.com/premierleague/badges/25/t3.png"
          />
          <span>
             
            Arsenal
          </span>
        </div>
      </div>
      <div
        class="ant-col"
        style="padding-left: 8px; padding-right: 8px;"
      />
    </div>
  </div>
  <div
    class="fixture-wrapper"
    data-testid="AppFixture"
  >
    <h3
      data-testid="AppFixtureHeading"
    >
      28/04 12:04
    </h3>
    <div
      class="ant-row fixture-Row"
      style="margin-left: -8px; margin-right: -8px;"
    >
      <div
        class="ant-col ant-col-12"
        style="padding-left: 8px; padding-right: 8px;"
      >
        <div
          class="club-wrapper justify-end "
          data-testid="AppClub"
        >
          <img
            alt="ArsenalLogo"
            data-testid="AppClubImg"
            src="https://resources.premierleague.com/premierleague/badges/25/t3.png"
          />
          <span>
             
            Arsenal
          </span>
        </div>
      </div>
      <div
        class="ant-col ant-col-2"
        style="padding-left: 8px; padding-right: 8px;"
      >
        <span
          class="fixture-center"
        >
          0 - 0
        </span>
      </div>
      <div
        class="ant-col ant-col-10"
        style="padding-left: 8px; padding-right: 8px;"
      >
        <div
          class="club-wrapper  "
          data-testid="AppClub"
        >
          <img
            alt="Leicester CityLogo"
            data-testid="AppClubImg"
            src="https://resources.premierleague.com/premierleague/badges/25/t13.png"
          />
          <span>
             
            Leicester City
          </span>
        </div>
      </div>
      <div
        class="ant-col"
        style="padding-left: 8px; padding-right: 8px;"
      />
    </div>
  </div>
  <div
    class="fixture-wrapper"
    data-testid="AppFixture"
  >
    <h3
      data-testid="AppFixtureHeading"
    >
      02/05 17:05
    </h3>
    <div
      class="ant-row fixture-Row"
      style="margin-left: -8px; margin-right: -8px;"
    >
      <div
        class="ant-col ant-col-12"
        style="padding-left: 8px; padding-right: 8px;"
      >
        <div
          class="club-wrapper justify-end "
          data-testid="AppClub"
        >
          <img
            alt="ArsenalLogo"
            data-testid="AppClubImg"
            src="https://resources.premierleague.com/premierleague/badges/25/t3.png"
          />
          <span>
             
            Arsenal
          </span>
        </div>
      </div>
      <div
        class="ant-col ant-col-2"
        style="padding-left: 8px; padding-right: 8px;"
      >
        <span
          class="fixture-center"
        >
          2 - 3
        </span>
      </div>
      <div
        class="ant-col ant-col-10"
        style="padding-left: 8px; padding-right: 8px;"
      >
        <div
          class="club-wrapper  "
          data-testid="AppClub"
        >
          <img
            alt="LiverpoolLogo"
            data-testid="AppClubImg"
            src="https://resources.premierleague.com/premierleague/badges/25/t14.png"
          />
          <span>
             
            Liverpool
          </span>
        </div>
      </div>
      <div
        class="ant-col"
        style="padding-left: 8px; padding-right: 8px;"
      />
    </div>
  </div>
  <div
    class="fixture-wrapper"
    data-testid="AppFixture"
  >
    <h3
      data-testid="AppFixtureHeading"
    >
      04/05 12:05
    </h3>
    <div
      class="ant-row fixture-Row"
      style="margin-left: -8px; margin-right: -8px;"
    >
      <div
        class="ant-col ant-col-12"
        style="padding-left: 8px; padding-right: 8px;"
      >
        <div
          class="club-wrapper justify-end "
          data-testid="AppClub"
        >
          <img
            alt="ArsenalLogo"
            data-testid="AppClubImg"
            src="https://resources.premierleague.com/premierleague/badges/25/t3.png"
          />
          <span>
             
            Arsenal
          </span>
        </div>
      </div>
      <div
        class="ant-col ant-col-2"
        style="padding-left: 8px; padding-right: 8px;"
      >
        <span
          class="fixture-center"
        >
          1 - 1
        </span>
      </div>
      <div
        class="ant-col ant-col-10"
        style="padding-left: 8px; padding-right: 8px;"
      >
        <div
          class="club-wrapper  "
          data-testid="AppClub"
        >
          <img
            alt="Tottenham HotspurLogo"
            data-testid="AppClubImg"
            src="https://resources.premierleague.com/premierleague/badges/25/t6.png"
          />
          <span>
             
            Tottenham Hotspur
          </span>
        </div>
      </div>
      <div
        class="ant-col"
        style="padding-left: 8px; padding-right: 8px;"
      />
    </div>
  </div>
  <div
    class="fixture-wrapper"
    data-testid="AppFixture"
  >
    <span
      class="ant-badge"
      data-testid="AppFixtureBadge"
    >
      <h3
        data-testid="AppFixtureHeading"
      >
        11/05 12:05
      </h3>
      <sup
        class="ant-scroll-number ant-badge-count ant-badge-multiple-words"
        data-show="true"
        style="margin-top: 10px; right: -30px;"
        title="Future"
      >
        Future
      </sup>
    </span>
    <div
      class="ant-row fixture-Row"
      style="margin-left: -8px; margin-right: -8px;"
    >
      <div
        class="ant-col ant-col-12"
        style="padding-left: 8px; padding-right: 8px;"
      >
        <div
          class="club-wrapper justify-end "
          data-testid="AppClub"
        >
          <img
            alt="ArsenalLogo"
            data-testid="AppClubImg"
            src="https://resources.premierleague.com/premierleague/badges/25/t3.png"
          />
          <span>
             
            Arsenal
          </span>
        </div>
      </div>
      <div
        class="ant-col ant-col-2"
        style="padding-left: 8px; padding-right: 8px;"
      >
        <span
          class="fixture-center"
        >
          12:05
        </span>
      </div>
      <div
        class="ant-col ant-col-10"
        style="padding-left: 8px; padding-right: 8px;"
      >
        <div
          class="club-wrapper  "
          data-testid="AppClub"
        >
          <img
            alt="ChelseaLogo"
            data-testid="AppClubImg"
            src="https://resources.premierleague.com/premierleague/badges/25/t8.png"
          />
          <span>
             
            Chelsea
          </span>
        </div>
      </div>
      <div
        class="ant-col"
        style="padding-left: 8px; padding-right: 8px;"
      />
    </div>
  </div>
  <div
    class="fixture-wrapper"
    data-testid="AppFixture"
  >
    <span
      class="ant-badge"
      data-testid="AppFixtureBadge"
    >
      <h3
        data-testid="AppFixtureHeading"
      >
        11/05 14:05
      </h3>
      <sup
        class="ant-scroll-number ant-badge-count ant-badge-multiple-words"
        data-show="true"
        style="margin-top: 10px; right: -30px;"
        title="Future"
      >
        Future
      </sup>
    </span>
    <div
      class="ant-row fixture-Row"
      style="margin-left: -8px; margin-right: -8px;"
    >
      <div
        class="ant-col ant-col-12"
        style="padding-left: 8px; padding-right: 8px;"
      >
        <div
          class="club-wrapper justify-end "
          data-testid="AppClub"
        >
          <img
            alt="Manchester CityLogo"
            data-testid="AppClubImg"
            src="https://resources.premierleague.com/premierleague/badges/25/t43.png"
          />
          <span>
             
            Manchester City
          </span>
        </div>
      </div>
      <div
        class="ant-col ant-col-2"
        style="padding-left: 8px; padding-right: 8px;"
      >
        <span
          class="fixture-center"
        >
          14:05
        </span>
      </div>
      <div
        class="ant-col ant-col-10"
        style="padding-left: 8px; padding-right: 8px;"
      >
        <div
          class="club-wrapper  "
          data-testid="AppClub"
        >
          <img
            alt="ArsenalLogo"
            data-testid="AppClubImg"
            src="https://resources.premierleague.com/premierleague/badges/25/t3.png"
          />
          <span>
             
            Arsenal
          </span>
        </div>
      </div>
      <div
        class="ant-col"
        style="padding-left: 8px; padding-right: 8px;"
      />
    </div>
  </div>
</div>
`;
